
> frontend@0.1.0 build
> react-scripts build

Creating an optimized production build...
Failed to compile.

Attempted import error: 'Github' is not exported from 'lucide-react' (imported as 'Github').


